FSM 1 : VALID TRANSITION GRAPH

001 : STATE IS REACHABLE FROM OUTSIDE.

   OUTGOING TRANSITIONS:
      010

   INCOMING TRANSITIONS:
      100


010 : FSM STATE NOT REACHABLE FROM OUTSIDE.

   OUTGOING TRANSITIONS:
      100

   INCOMING TRANSITIONS:
      001


100 : FSM STATE NOT REACHABLE FROM OUTSIDE.

   OUTGOING TRANSITIONS:
      001

   INCOMING TRANSITIONS:
      010


FSM 1 : VALID TRANSITION GRAPH

001 : STATE IS REACHABLE FROM OUTSIDE.

   OUTGOING TRANSITIONS:
      010

   INCOMING TRANSITIONS:
      100


010 : FSM STATE NOT REACHABLE FROM OUTSIDE.

   OUTGOING TRANSITIONS:
      100

   INCOMING TRANSITIONS:
      001


100 : FSM STATE NOT REACHABLE FROM OUTSIDE.

   OUTGOING TRANSITIONS:
      001

   INCOMING TRANSITIONS:
      010


FSM 1 : VALID TRANSITION GRAPH

001 : STATE IS REACHABLE FROM OUTSIDE.

   OUTGOING TRANSITIONS:
      010

   INCOMING TRANSITIONS:
      100


010 : FSM STATE NOT REACHABLE FROM OUTSIDE.

   OUTGOING TRANSITIONS:
      100

   INCOMING TRANSITIONS:
      001


100 : FSM STATE NOT REACHABLE FROM OUTSIDE.

   OUTGOING TRANSITIONS:
      001

   INCOMING TRANSITIONS:
      010


